CC ctr/3dsx_custom_crt0.s
CC ctr/ctr_system.c
CC ctr/ctr_memory.c
CXX ctr/ctr_linear.cpp
CC ctr/gpu_old.c
CC ctr/exec-3dsx/exec_cia.c
CC ctr/exec-3dsx/exec_3dsx.c
CC ctr/exec-3dsx/mini-hb-menu/launch.c
CC ctr/exec-3dsx/mini-hb-menu/loaders/rosalina.c
CC ctr/exec-3dsx/mini-hb-menu/loaders/hax2.c
CC frontend/drivers/platform_ctr.c
CC version_git.c
CC frontend/frontend_driver.c
CC retroarch.c
CC runloop.c
CC ui/ui_companion_driver.c
CC camera/camera_driver.c
CC record/record_driver.c
CC record/drivers/record_wav.c
CC command.c
CC msg_hash.c
CC intl/msg_hash_us.c
CC libretro-common/queues/task_queue.c
CC tasks/task_content.c
CC tasks/task_patch.c
CC tasks/patch_stream.c
CC save.c
CC tasks/task_save.c
CC tasks/task_movie.c
CC tasks/task_file_transfer.c
CC tasks/task_nbio_slice.c
CC tasks/task_content_prefetch.c
CC tasks/task_image.c
CC tasks/task_playlist_manager.c
CC tasks/task_core_backup.c
CC libretro-common/encodings/encoding_utf.c
CC libretro-common/encodings/encoding_crc32.c
CC libretro-common/encodings/encoding_base64.c
CC libretro-common/compat/fopen_utf8.c
CC libretro-common/compat/compat_strldup.c
CC libretro-common/lists/file_list.c
CC libretro-common/lists/dir_list.c
CC libretro-common/file/retro_dirent.c
CC libretro-common/file/file_watch.c
CC libretro-common/streams/stdin_stream.c
CC libretro-common/streams/file_stream.c
CC libretro-common/streams/file_stream_transforms.c
CC libretro-common/streams/interface_stream.c
CC libretro-common/streams/memory_stream.c
CC libretro-common/streams/network_stream.c
CC libretro-common/vfs/vfs_implementation.c
CC libretro-common/vfs/vfs_hybrid.c
CC libretro-common/lists/string_list.c
CC libretro-common/string/rstrtod.c
CC libretro-common/string/stdstring.c
CC libretro-common/memmap/memalign.c
CC libretro-common/memmap/memcpy_nt.c
CC libretro-common/lists/linked_list.c
CC libretro-common/lists/nested_list.c
CC libretro-common/queues/generic_queue.c
CC libretro-common/file/file_path.c
CC libretro-common/file/file_path_io.c
CC file_path_special.c
CC libretro-common/hash/lrc_hash.c
CC audio/audio_driver.c
CC audio/audio_upmix.c
CC audio/audio_stretch.c
CC audio/audio_speed_lpf.c
CC audio/audio_pipeline_stretch.c
CC audio/audio_binaural.c
CC input/input_driver.c
CC input/input_overlay_textures.c
CC input/input_overlay_alpha.c
CC input/common/input_hid_common.c
CC led/led_driver.c
CC gfx/video_driver.c
CC gfx/common/video_mode_select.c
CC gfx/gfx_display.c
CC gfx/gfx_animation.c
CC gfx/gfx_instrument.c
CC gfx/gfx_surface.c
CC gfx/gfx_thumbnail.c
CC gfx/gfx_anim_preview.c
CC configuration.c
CC libretro-common/dynamic/dylib.c
CC cores/dynamic_dummy.c
CC libretro-common/queues/message_queue.c
CC state_manager.c
CC gfx/bitmapfont.c
CC tasks/task_autodetect.c
CC input/input_autodetect_builtin.c
CC input/input_keymaps.c
CC libretro-common/queues/fifo_queue.c
CC libretro-common/queues/retro_spsc.c
CC libretro-common/compat/compat_fnmatch.c
CC libretro-common/compat/compat_posix_string.c
CC cheat_manager.c
CC core_info.c
CC core_backup.c
CC core_option_manager.c
CC libretro-common/file/config_file.c
CC libretro-common/file/config_file_io.c
CC libretro-common/file/config_file_userdata.c
CC runtime_file.c
CC disk_index_file.c
CC tasks/task_screenshot.c
CC tasks/task_powerstate.c
CC libretro-common/gfx/scaler/scaler.c
CC libretro-common/gfx/scaler/pixconv.c
CC libretro-common/gfx/scaler/scaler_int.c
CC libretro-common/gfx/scaler/scaler_filter.c
CC gfx/font_driver.c
CC gfx/video_filter.c
CC libretro-common/audio/resampler/audio_resampler.c
CC libretro-common/audio/resampler/audio_resampler_int16.c
CC libretro-common/audio/dsp_filter.c
CC libretro-common/audio/resampler/drivers/sinc_resampler.c
CC libretro-common/audio/resampler/drivers/sinc_resampler_int16.c
CC libretro-common/utils/md5.c
CC playlist.c
CC libretro-common/features/features_cpu.c
CC libretro-common/memory/mem_stats.c
CC libretro-common/memory/mempool.c
CC verbosity.c
CC libretro-common/playlists/label_sanitization.c
CC libretro-common/time/rtime.c
CC manual_content_scan.c
CC tasks/task_database.c
CC disk_control_interface.c
CC tasks/task_audio_mixer.c
CC libretro-common/audio/audio_mix.c
CC libretro-common/audio/audio_mixer.c
CC libretro-db/rmsgpack.c
CC libretro-db/rmsgpack_dom.c
CC audio/drivers_resampler/cc_resampler.c
CC audio/drivers_resampler/cc_resampler_int16.c
CC libretro-common/compat/compat_getopt.c
CC libretro-common/compat/compat_strcasestr.c
CC libretro-common/compat/compat_strl.c
CC libretro-common/formats/image_texture.c
CC libretro-db/bintree.c
CC libretro-db/libretrodb.c
CC libretro-db/query.c
CC database_info.c
CC tasks/task_database_cue.c
CC menu/menu_explore.c
CC tasks/task_menu_explore.c
CC tasks/task_database_info.c
CC deps/mbedtls/aes.c
CC deps/mbedtls/aesni.c
CC deps/mbedtls/arc4.c
CC deps/mbedtls/asn1parse.c
CC deps/mbedtls/asn1write.c
CC deps/mbedtls/base64.c
CC deps/mbedtls/bignum.c
CC deps/mbedtls/blowfish.c
CC deps/mbedtls/camellia.c
CC deps/mbedtls/ccm.c
CC deps/mbedtls/cipher.c
CC deps/mbedtls/cipher_wrap.c
CC deps/mbedtls/ctr_drbg.c
CC deps/mbedtls/des.c
CC deps/mbedtls/dhm.c
CC deps/mbedtls/ecdh.c
CC deps/mbedtls/ecdsa.c
CC deps/mbedtls/ecp.c
CC deps/mbedtls/ecp_curves.c
CC deps/mbedtls/entropy.c
CC deps/mbedtls/entropy_poll.c
CC deps/mbedtls/gcm.c
CC deps/mbedtls/hmac_drbg.c
CC deps/mbedtls/md.c
CC deps/mbedtls/md5.c
CC deps/mbedtls/md_wrap.c
CC deps/mbedtls/oid.c
CC deps/mbedtls/padlock.c
CC deps/mbedtls/pem.c
CC deps/mbedtls/pk.c
CC deps/mbedtls/pk_wrap.c
CC deps/mbedtls/pkcs12.c
CC deps/mbedtls/pkcs5.c
CC deps/mbedtls/pkparse.c
CC deps/mbedtls/pkwrite.c
CC deps/mbedtls/ripemd160.c
CC deps/mbedtls/rsa.c
CC deps/mbedtls/sha1.c
CC deps/mbedtls/sha_alt.c
CC deps/mbedtls/sha256.c
CC deps/mbedtls/sha512.c
CC deps/mbedtls/threading.c
CC deps/mbedtls/timing.c
CC deps/mbedtls/xtea.c
CC deps/mbedtls/certs.c
CC deps/mbedtls/x509.c
CC deps/mbedtls/x509_create.c
CC deps/mbedtls/x509_crl.c
CC deps/mbedtls/x509_crt.c
CC deps/mbedtls/x509_csr.c
CC deps/mbedtls/x509write_crt.c
CC deps/mbedtls/x509write_csr.c
CC deps/mbedtls/debug.c
CC deps/mbedtls/net_sockets.c
CC deps/mbedtls/ssl_cache.c
CC deps/mbedtls/ssl_ciphersuites.c
CC deps/mbedtls/ssl_cli.c
CC deps/mbedtls/ssl_cookie.c
CC deps/mbedtls/ssl_srv.c
CC deps/mbedtls/ssl_ticket.c
CC deps/mbedtls/ssl_tls.c
CC audio/drivers/ctr_csnd_audio.c
CC audio/drivers/ctr_dsp_audio.c
CC midi/drivers/fmsynth_midi.c
CC libretro-common/audio/conversion/s16_to_float.c
CC libretro-common/audio/conversion/float_to_s16.c
CC libretro-common/audio/conversion/mono_to_stereo_float.c
CC libretro-common/audio/conversion/stereo_to_mono_float.c
CC libretro-common/formats/ac3/rac3_frame.c
CC libretro-common/formats/ac3/rac3_decode.c
CC libretro-common/formats/ac3/rac3_encode.c
CC libretro-common/formats/iec61937/iec61937.c
CC libretro-common/formats/lpcm/rlpcm.c
CC libretro-common/formats/dts/rdts.c
CC audio/audio_bitstream.c
CC libretro-common/formats/wav/rwav.c
CC menu/drivers/rgui.c
CC menu/drivers/rgui_bitmapfont.c
CC menu/drivers/materialui.c
CC menu/drivers/xmb.c
CC menu/drivers/ozone.c
CC menu/menu_screensaver.c
CC menu/menu_setting.c
CC menu/menu_driver.c
CC menu/menu_str.c
CC menu/cbs/menu_cbs_ok.c
CC menu/cbs/menu_cbs_cancel.c
CC menu/cbs/menu_cbs_select.c
CC menu/cbs/menu_cbs_start.c
CC menu/cbs/menu_cbs_info.c
CC menu/cbs/menu_cbs_left.c
CC menu/cbs/menu_cbs_right.c
CC menu/cbs/menu_cbs_deferred_push.c
CC menu/cbs/menu_cbs_scan.c
CC menu/cbs/menu_cbs_get_value.c
CC menu/cbs/menu_cbs_label.c
CC menu/cbs/menu_cbs_sublabel.c
CC menu/cbs/menu_cbs_title.c
CC menu/menu_displaylist.c
CC menu/menu_dirwalk.c
CC menu/menu_contentless_cores.c
CC gfx/gfx_widgets.c
CC gfx/widgets/gfx_widget_screenshot.c
CC gfx/widgets/gfx_widget_volume.c
CC gfx/widgets/gfx_widget_generic_message.c
CC gfx/widgets/gfx_widget_libretro_message.c
CC gfx/widgets/gfx_widget_progress_message.c
CC gfx/widgets/gfx_widget_load_content_animation.c
CC gfx/widgets/gfx_widget_achievement_popup.c
CC gfx/widgets/gfx_widget_leaderboard_display.c
CC tasks/task_overlay.c
CC led/drivers/led_overlay.c
CC gfx/drivers_font_renderer/stb.c
CC libretro-common/rthreads/rthreads.c
CC libretro-common/rthreads/tpool.c
CC libretro-common/rthreads/retro_eventcount.c
CC libretro-common/rthreads/retro_procbarrier.c
CC libretro-common/rthreads/retro_asym_eventcount.c
CC libretro-common/queues/retro_waitable_spsc.c
CC gfx/video_thread_wrapper.c
CC gfx/video_thread_hw.c
CC audio/audio_thread_wrapper.c
CC frontend/thread_elevation.c
CC frontend/thread_elevation/eevdf.c
CC gfx/drivers/ctr_gfx.c
CC input/drivers/ctr_input.c
CC input/drivers_joypad/ctr_joypad.c
CC libretro-common/formats/xml/rxml.c
CC libretro-common/formats/logiqx_dat/logiqx_dat.c
CC gfx/drivers_context/gfx_null_ctx.c
CC libretro-common/file/archive_file.c
CC libretro-common/file/archive_file_zlib.c
CC libretro-common/streams/trans_stream.c
CC libretro-common/streams/trans_stream_pipe.c
CC libretro-common/encodings/encoding_deflate.c
CC libretro-common/streams/trans_stream_deflate.c
CC libretro-common/streams/rzip_stream.c
CC libretro-common/file/archive_file_7z.c
CC libretro-common/formats/7z/r7z_archive.c
CC libretro-common/formats/7z/r7z_lzma.c
CC libretro-common/formats/7z/r7z_lzma_stream.c
CC libretro-common/formats/7z/r7z_lzma2.c
CC libretro-common/formats/7z/r7z_bcj2.c
CC libretro-common/formats/7z/r7z_filters.c
CC libretro-common/formats/tga/rtga.c
CC libretro-common/formats/dds/rdds.c
CC libretro-common/formats/png/rpng.c
CC libretro-common/formats/png/rpng_apng.c
CC libretro-common/formats/png/rpng_encode.c
CC libretro-common/file/rpng_file.c
CC libretro-common/formats/jpeg/rjpeg.c
CC libretro-common/formats/bmp/rbmp.c
CC libretro-common/formats/webp/rwebp.c
CC libretro-common/formats/vp8/rvp8.c
CC libretro-common/formats/bmp/rbmp_encode.c
CC libretro-common/file/rbmp_file.c
CC libretro-common/formats/json/rjson.c
CC libretro-common/formats/image_transfer.c
CC libretro-common/formats/audio_transfer.c
CC libretro-common/formats/data_transfer.c
CC libretro-common/memmap/memmap.c
CC libretro-common/formats/m3u/rm3u.c
CC libretro-common/net/net_compat.c
CC libretro-common/net/net_http.c
CC libretro-common/net/net_http_parse.c
CC libretro-common/net/net_socket.c
CC core_updater_list.c
CC network/natt.c
CC network/natt_desc.c
CC tasks/task_netplay_lan_scan.c
CC tasks/task_netplay_nat_traversal.c
CC tasks/task_pl_thumbnail_download.c
CC tasks/task_netplay_find_content.c
CC tasks/task_http.c
CC tasks/task_core_updater.c
CC tasks/task_cloudsync.c
CC tasks/task_cloudsync_path.c
CC network/cloud_sync/webdav.c
CC network/cloud_sync_driver.c
CC network/cloud_sync/google_drive.c
CC libretro-common/net/net_socket_ssl_mbed.c
CC network/tls_log.c
CC libretro-common/net/net_ifinfo.c
CC network/netplay/netplay_frontend.c
CC network/netplay/netplay_room_parse.c
CC cheevos/cheevos.c
CC cheevos/cheevos_client.c
CC cheevos/cheevos_menu.c
CC cheevos/cheevos_badge.c
CC libretro-common/formats/cdfs/cdfs.c
CC deps/rcheevos/src/rc_client.c
CC deps/rcheevos/src/rc_compat.c
CC deps/rcheevos/src/rc_libretro.c
CC deps/rcheevos/src/rc_util.c
CC deps/rcheevos/src/rcheevos/alloc.c
CC deps/rcheevos/src/rcheevos/condition.c
CC deps/rcheevos/src/rcheevos/condset.c
CC deps/rcheevos/src/rcheevos/consoleinfo.c
CC deps/rcheevos/src/rcheevos/format.c
CC deps/rcheevos/src/rcheevos/lboard.c
CC deps/rcheevos/src/rcheevos/memref.c
CC deps/rcheevos/src/rcheevos/operand.c
CC deps/rcheevos/src/rcheevos/richpresence.c
CC deps/rcheevos/src/rcheevos/runtime.c
CC deps/rcheevos/src/rcheevos/runtime_progress.c
CC deps/rcheevos/src/rcheevos/trigger.c
CC deps/rcheevos/src/rcheevos/value.c
CC deps/rcheevos/src/rhash/aes.c
CC deps/rcheevos/src/rhash/cdreader.c
CC deps/rcheevos/src/rhash/hash.c
CC deps/rcheevos/src/rhash/hash_disc.c
CC deps/rcheevos/src/rhash/hash_encrypted.c
CC deps/rcheevos/src/rhash/hash_rom.c
CC deps/rcheevos/src/rhash/hash_zip.c
CC deps/rcheevos/src/rapi/rc_api_common.c
CC deps/rcheevos/src/rapi/rc_api_info.c
CC deps/rcheevos/src/rapi/rc_api_runtime.c
CC deps/rcheevos/src/rapi/rc_api_user.c
CC tasks/task_decompress.c
CC gfx/video_filters/2xsai.c
CC gfx/video_filters/super2xsai.c
CC gfx/video_filters/supereagle.c
CC gfx/video_filters/2xbr.c
CC gfx/video_filters/darken.c
CC gfx/video_filters/epx.c
CC gfx/video_filters/scale2x.c
CC gfx/video_filters/blargg_ntsc_snes.c
CC gfx/video_filters/lq2x.c
CC gfx/video_filters/phosphor2x.c
CC gfx/video_filters/normal2x.c
CC gfx/video_filters/normal2x_width.c
CC gfx/video_filters/normal2x_height.c
CC gfx/video_filters/normal4x.c
CC gfx/video_filters/scanline2x.c
CC gfx/video_filters/grid2x.c
CC gfx/video_filters/grid3x.c
CC gfx/video_filters/gameboy3x.c
CC gfx/video_filters/gameboy4x.c
CC gfx/video_filters/dot_matrix_3x.c
CC gfx/video_filters/dot_matrix_4x.c
CC gfx/video_filters/upscale_1_5x.c
CC gfx/video_filters/upscale_1_66x_fast.c
CC gfx/video_filters/upscale_256x_320x240.c
CC gfx/video_filters/picoscale_256x_320x240.c
CC gfx/video_filters/upscale_240x160_320x240.c
CC gfx/video_filters/upscale_mix_240x160_320x240.c
CC gfx/video_filters/dedither.c
CC gfx/video_filters/pixel_art_aa.c
CC gfx/video_filters/crop_borders.c
CC gfx/video_filters/ntsc.c
CC gfx/video_filters/ntsc_crt.c
CC libretro-common/audio/dsp_filters/bitcrusher.c
CC libretro-common/audio/dsp_filters/chorus.c
CC libretro-common/audio/dsp_filters/crystalizer.c
CC libretro-common/audio/dsp_filters/echo.c
CC libretro-common/audio/dsp_filters/eq.c
CC libretro-common/audio/dsp_filters/iir.c
CC libretro-common/audio/dsp_filters/overdrive.c
CC libretro-common/audio/dsp_filters/panning.c
CC libretro-common/audio/dsp_filters/phaser.c
CC libretro-common/audio/dsp_filters/reverb.c
CC libretro-common/audio/dsp_filters/reverb_early.c
CC libretro-common/audio/dsp_filters/tremolo.c
CC libretro-common/audio/dsp_filters/vibrato.c
CC libretro-common/audio/dsp_filters/wahwah.c
CC libretro-common/audio/dsp_filters/wsolapitchtempo.c
/opt/devkitpro/tools/bin/picasso gfx/drivers/ctr_shaders/ctr_sprite.vsh gfx/drivers/ctr_shaders/ctr_sprite.gsh -o gfx/drivers/ctr_shaders/ctr_sprite.shbin
/opt/devkitpro/tools/bin/bin2s gfx/drivers/ctr_shaders/ctr_sprite.shbin > gfx/drivers/ctr_shaders/ctr_sprite.shbin.s
/opt/devkitpro/devkitARM/bin/arm-none-eabi-as -o gfx/drivers/ctr_shaders/ctr_sprite.o gfx/drivers/ctr_shaders/ctr_sprite.shbin.s
gfx/drivers/ctr_shaders/ctr_sprite.shbin.s: Assembler messages:
gfx/drivers/ctr_shaders/ctr_sprite.shbin.s: Warning: end of file in comment; newline inserted
rm gfx/drivers/ctr_shaders/ctr_sprite.shbin gfx/drivers/ctr_shaders/ctr_sprite.shbin.s
LD retroarch_3ds.elf
/opt/devkitpro/devkitARM/arm-none-eabi/bin/ld: warning: /opt/devkitpro/devkitARM/lib/gcc/arm-none-eabi/16.1.0/armv6k/fpu/crtn.o: missing .note.GNU-stack section implies executable stack
/opt/devkitpro/devkitARM/arm-none-eabi/bin/ld: NOTE: This behaviour is deprecated and will be removed in a future version of the linker
/opt/devkitpro/devkitARM/bin/arm-none-eabi-nm -CSn retroarch_3ds.elf > .lst
rm -f retroarch_3ds.xml
/opt/devkitpro/tools/bin/smdhtool --create "Snes9x" "RetroArch 3DS" "Team Libretro" pkg/ctr/assets/snes9x.png retroarch_3ds.smdh
/opt/devkitpro/tools/bin/3dsxtool retroarch_3ds.elf retroarch_3ds.3dsx 
absolute @ relSrc=00066CA8
Relocation to invalid address!

make: *** [Makefile.ctr:362: retroarch_3ds.3dsx] Error 1
